[    0.000000] Initializing cgroup subsys cpuset
[    0.000000] Initializing cgroup subsys cpu
[    0.000000] Initializing cgroup subsys cpuacct
[    0.000000] Linux version 4.4.0-194-generic (buildd@lcy01-amd64-020) (gcc version 5.4.0 20160609 (Ubuntu 5.4.0-6ubuntu1~16.04.12) ) #226-Ubuntu SMP Wed Oct 21 10:19:36 UTC 2020 (Ubuntu 4.4.0-194.226-generic 4.4.236)
[    0.000000] Command line: BOOT_IMAGE=/boot/vmlinuz-4.4.0-194-generic root=LABEL=cloudimg-rootfs ro console=tty1 console=ttyS0
[    0.000000] KERNEL supported cpus:
[    0.000000]   Intel GenuineIntel
[    0.000000]   AMD AuthenticAMD
[    0.000000]   Centaur CentaurHauls
[    0.000000] x86/fpu: Legacy x87 FPU detected.
[    0.000000] e820: BIOS-provided physical RAM map:
[    0.000000] BIOS-e820: [mem 0x0000000000000000-0x000000000009fbff] usable
[    0.000000] BIOS-e820: [mem 0x000000000009fc00-0x000000000009ffff] reserved
[    0.000000] BIOS-e820: [mem 0x00000000000f0000-0x00000000000fffff] reserved
[    0.000000] BIOS-e820: [mem 0x0000000000100000-0x000000003ffeffff] usable
[    0.000000] BIOS-e820: [mem 0x000000003fff0000-0x000000003fffffff] ACPI data
[    0.000000] BIOS-e820: [mem 0x00000000fec00000-0x00000000fec00fff] reserved
[    0.000000] BIOS-e820: [mem 0x00000000fee00000-0x00000000fee00fff] reserved
[    0.000000] BIOS-e820: [mem 0x00000000fffc0000-0x00000000ffffffff] reserved
[    0.000000] NX (Execute Disable) protection: active
[    0.000000] SMBIOS 2.5 present.
[    0.000000] Hypervisor detected: KVM
[    0.000000] e820: last_pfn = 0x3fff0 max_arch_pfn = 0x400000000
[    0.000000] MTRR: Disabled
[    0.000000] x86/PAT: MTRRs disabled, skipping PAT initialization too.
[    0.000000] CPU MTRRs all blank - virtualized system.
[    0.000000] x86/PAT: Configuration [0-7]: WB  WT  UC- UC  WB  WT  UC- UC  
[    0.000000] found SMP MP-table at [mem 0x0009fff0-0x0009ffff] mapped at [ffff88000009fff0]
[    0.000000] Scanning 1 areas for low memory corruption
[    0.000000] RAMDISK: [mem 0x362e0000-0x37167fff]
[    0.000000] ACPI: Early table checksum verification disabled
[    0.000000] ACPI: RSDP 0x00000000000E0000 000024 (v02 VBOX  )
[    0.000000] ACPI: XSDT 0x000000003FFF0030 00003C (v01 VBOX   VBOXXSDT 00000001 ASL  00000061)
[    0.000000] ACPI: FACP 0x000000003FFF00F0 0000F4 (v04 VBOX   VBOXFACP 00000001 ASL  00000061)
[    0.000000] ACPI: DSDT 0x000000003FFF0470 002325 (v02 VBOX   VBOXBIOS 00000002 INTL 20100528)
[    0.000000] ACPI: FACS 0x000000003FFF0200 000040
[    0.000000] ACPI: FACS 0x000000003FFF0200 000040
[    0.000000] ACPI: APIC 0x000000003FFF0240 00005C (v02 VBOX   VBOXAPIC 00000001 ASL  00000061)
[    0.000000] ACPI: SSDT 0x000000003FFF02A0 0001CC (v01 VBOX   VBOXCPUT 00000002 INTL 20100528)
[    0.000000] No NUMA configuration found
[    0.000000] Faking a node at [mem 0x0000000000000000-0x000000003ffeffff]
[    0.000000] NODE_DATA(0) allocated [mem 0x3ffeb000-0x3ffeffff]
[    0.000000] kvm-clock: Using msrs 4b564d01 and 4b564d00
[    0.000000] kvm-clock: cpu 0, msr 0:3ffe3001, primary cpu clock
[    0.000000] kvm-clock: using sched offset of 33829425291 cycles
[    0.000000] clocksource: kvm-clock: mask: 0xffffffffffffffff max_cycles: 0x1cd42e4dffb, max_idle_ns: 881590591483 ns
[    0.000000] Zone ranges:
[    0.000000]   DMA      [mem 0x0000000000001000-0x0000000000ffffff]
[    0.000000]   DMA32    [mem 0x0000000001000000-0x000000003ffeffff]
[    0.000000]   Normal   empty
[    0.000000]   Device   empty
[    0.000000] Movable zone start for each node
[    0.000000] Early memory node ranges
[    0.000000]   node   0: [mem 0x0000000000001000-0x000000000009efff]
[    0.000000]   node   0: [mem 0x0000000000100000-0x000000003ffeffff]
[    0.000000] Initmem setup node 0 [mem 0x0000000000001000-0x000000003ffeffff]
[    0.000000] ACPI: PM-Timer IO Port: 0x4008
[    0.000000] IOAPIC[0]: apic_id 2, version 32, address 0xfec00000, GSI 0-23
[    0.000000] ACPI: INT_SRC_OVR (bus 0 bus_irq 0 global_irq 2 dfl dfl)
[    0.000000] ACPI: INT_SRC_OVR (bus 0 bus_irq 9 global_irq 9 low level)
[    0.000000] Using ACPI (MADT) for SMP configuration information
[    0.000000] smpboot: Allowing 2 CPUs, 0 hotplug CPUs
[    0.000000] PM: Registered nosave memory: [mem 0x00000000-0x00000fff]
[    0.000000] PM: Registered nosave memory: [mem 0x0009f000-0x0009ffff]
[    0.000000] PM: Registered nosave memory: [mem 0x000a0000-0x000effff]
[    0.000000] PM: Registered nosave memory: [mem 0x000f0000-0x000fffff]
[    0.000000] e820: [mem 0x40000000-0xfebfffff] available for PCI devices
[    0.000000] Booting paravirtualized kernel on KVM
[    0.000000] clocksource: refined-jiffies: mask: 0xffffffff max_cycles: 0xffffffff, max_idle_ns: 7645519600211568 ns
[    0.000000] setup_percpu: NR_CPUS:512 nr_cpumask_bits:512 nr_cpu_ids:2 nr_node_ids:1
[    0.000000] PERCPU: Embedded 33 pages/cpu @ffff88003fc00000 s95512 r8192 d31464 u1048576
[    0.000000] Built 1 zonelists in Node order, mobility grouping on.  Total pages: 257912
[    0.000000] Policy zone: DMA32
[    0.000000] Kernel command line: BOOT_IMAGE=/boot/vmlinuz-4.4.0-194-generic root=LABEL=cloudimg-rootfs ro console=tty1 console=ttyS0
[    0.000000] PID hash table entries: 4096 (order: 3, 32768 bytes)
[    0.000000] Memory: 997664K/1048120K available (8640K kernel code, 1337K rwdata, 4040K rodata, 1492K init, 1296K bss, 50456K reserved, 0K cma-reserved)
[    0.000000] SLUB: HWalign=64, Order=0-3, MinObjects=0, CPUs=2, Nodes=1
[    0.000000] Kernel/User page tables isolation: enabled
[    0.000000] Hierarchical RCU implementation.
[    0.000000] 	Build-time adjustment of leaf fanout to 64.
[    0.000000] 	RCU restricting CPUs from NR_CPUS=512 to nr_cpu_ids=2.
[    0.000000] RCU: Adjusting geometry for rcu_fanout_leaf=64, nr_cpu_ids=2
[    0.000000] NR_IRQS:33024 nr_irqs:440 16
[    0.000000] Console: colour VGA+ 80x25
[    0.000000] console [tty1] enabled
[    0.000000] console [ttyS0] enabled
[    0.000000] tsc: Detected 1599.947 MHz processor
[    3.616300] Calibrating delay loop (skipped) preset value.. 3199.89 BogoMIPS (lpj=6399788)
[    3.665723] pid_max: default: 32768 minimum: 301
[    3.696824] ACPI: Core revision 20150930
[    3.733877] ACPI: 2 ACPI AML tables successfully acquired and loaded
[    3.770968] Security Framework initialized
[    3.787710] Yama: becoming mindful.
[    3.825717] AppArmor: AppArmor initialized
[    3.935906] Dentry cache hash table entries: 131072 (order: 8, 1048576 bytes)
[    4.078839] Inode-cache hash table entries: 65536 (order: 7, 524288 bytes)
[    4.151658] Mount-cache hash table entries: 2048 (order: 2, 16384 bytes)
[    4.187418] Mountpoint-cache hash table entries: 2048 (order: 2, 16384 bytes)
[    4.270851] Initializing cgroup subsys io
[    4.317541] Initializing cgroup subsys memory
[    4.355567] Initializing cgroup subsys devices
[    4.404539] Initializing cgroup subsys freezer
[    4.445547] Initializing cgroup subsys net_cls
[    4.481393] Initializing cgroup subsys perf_event
[    4.529938] Initializing cgroup subsys net_prio
[    4.553530] Initializing cgroup subsys hugetlb
[    4.584236] Initializing cgroup subsys pids
[    4.633877] mce: CPU supports 0 MCE banks
[    4.667177] Last level iTLB entries: 4KB 48, 2MB 0, 4MB 0
[    4.701548] Last level dTLB entries: 4KB 256, 2MB 16, 4MB 16, 1GB 0
[    4.743081] Spectre V1 : Mitigation: usercopy/swapgs barriers and __user pointer sanitization
[    4.799069] Spectre V2 : Mitigation: Full generic retpoline
[    4.832126] Spectre V2 : Spectre v2 / SpectreRSB mitigation: Filling RSB on context switch
[    4.882322] MDS: Vulnerable: Clear CPU buffers attempted, no microcode
[    5.367125] Freeing SMP alternatives memory: 36K
[    6.068024] ftrace: allocating 32346 entries in 127 pages
[   12.861626] smpboot: APIC(0) Converting physical 0 to logical package 0
[   12.916491] smpboot: Max logical packages: 1
[   13.025174] ..TIMER: vector=0x30 apic1=0 pin1=2 apic2=-1 pin2=-1
[   13.156688] APIC calibration not consistent with PM-Timer: 367ms instead of 100ms
[   13.197877] APIC delta adjusted to PM-Timer: 6240035 (22962814)
[   13.241066] smpboot: CPU0: Intel(R) Pentium(R) CPU  N3710  @ 1.60GHz (family: 0x6, model: 0x4c, stepping: 0x4)
[   13.395740] Performance Events: unsupported p6 CPU model 76 no PMU driver, software events only.
[   13.950259] KVM setup paravirtual spinlock
[   13.983491] x86: Booting SMP configuration:
[   14.001228] .... node  #0, CPUs:      #1
[   14.059718] kvm-clock: cpu 1, msr 0:3ffe3041, secondary cpu clock
[   14.085564] mce: CPU supports 0 MCE banks
[   14.104133] TSC synchronization [CPU#0 -> CPU#1]:
[   14.118635] Measured 227340 cycles TSC warp between CPUs, turning off TSC clock.
[   14.147438] tsc: Marking TSC unstable due to check_tsc_sync_source failed
[   14.198709] x86: Booted up 1 node, 2 CPUs
[   14.227393] smpboot: Total of 2 processors activated (6399.78 BogoMIPS)
[    1.912442] devtmpfs: initialized
[    1.948243] evm: security.selinux
[    1.952022] evm: security.SMACK64
[    1.956021] evm: security.SMACK64EXEC
[    1.964035] evm: security.SMACK64TRANSMUTE
[    1.968024] evm: security.SMACK64MMAP
[    1.972024] evm: security.ima
[    1.976024] evm: security.capability
[    2.028284] clocksource: jiffies: mask: 0xffffffff max_cycles: 0xffffffff, max_idle_ns: 7645041785100000 ns
[    2.324067] futex hash table entries: 512 (order: 3, 32768 bytes)
[    2.488669] pinctrl core: initialized pinctrl subsystem
[    2.608483] RTC time: 11:03:39, date: 11/30/20
[    2.812654] NET: Registered protocol family 16
[    3.048040] cpuidle: using governor ladder
[    3.300066] cpuidle: using governor menu
[    3.480102] PCCT header not found.
[    3.592184] ACPI: bus type PCI registered
[    3.765287] acpiphp: ACPI Hot Plug PCI Controller Driver version: 0.5
[    3.973800] PCI: Using configuration type 1 for base access
[    4.124769] ACPI: Added _OSI(Module Device)
[    4.132025] ACPI: Added _OSI(Processor Device)
[    4.136045] ACPI: Added _OSI(3.0 _SCP Extensions)
[    4.140040] ACPI: Added _OSI(Processor Aggregator Device)
[    4.172338] ACPI: Executed 1 blocks of module-level executable AML code
[    4.492337] ACPI: Interpreter enabled
[    4.496073] ACPI: (supports S0 S5)
[    4.500030] ACPI: Using IOAPIC for interrupt routing
[    4.513153] PCI: Using host bridge windows from ACPI; if necessary, use "pci=nocrs" and report a bug
[    4.528000] ACPI: PCI Root Bridge [PCI0] (domain 0000 [bus 00-ff])
[    4.528058] acpi PNP0A03:00: _OSC: OS supports [ASPM ClockPM Segments MSI]
[    4.536054] acpi PNP0A03:00: _OSC: not requesting OS control; OS requires [ExtendedConfig ASPM ClockPM MSI]
[    4.540488] acpi PNP0A03:00: fail to add MMCONFIG information, can't access extended PCI configuration space under this bridge.
[    4.549020] PCI host bridge to bus 0000:00
[    4.552035] pci_bus 0000:00: root bus resource [io  0x0000-0x0cf7 window]
[    4.558748] pci_bus 0000:00: root bus resource [io  0x0d00-0xffff window]
[    4.560036] pci_bus 0000:00: root bus resource [mem 0x000a0000-0x000bffff window]
[    4.568045] pci_bus 0000:00: root bus resource [mem 0x40000000-0xfdffffff window]
[    4.572040] pci_bus 0000:00: root bus resource [bus 00-ff]
[    4.584000] pci 0000:00:01.1: legacy IDE quirk: reg 0x10: [io  0x01f0-0x01f7]
[    4.584310] pci 0000:00:01.1: legacy IDE quirk: reg 0x14: [io  0x03f6]
[    4.588039] pci 0000:00:01.1: legacy IDE quirk: reg 0x18: [io  0x0170-0x0177]
[    4.592036] pci 0000:00:01.1: legacy IDE quirk: reg 0x1c: [io  0x0376]
[    4.932499] pci 0000:00:07.0: quirk: [io  0x4000-0x403f] claimed by PIIX4 ACPI
[    4.940113] pci 0000:00:07.0: quirk: [io  0x4100-0x410f] claimed by PIIX4 SMB
[    5.116482] ACPI: PCI Interrupt Link [LNKA] (IRQs 5 9 10 *11)
[    5.152335] ACPI: PCI Interrupt Link [LNKB] (IRQs 5 9 *10 11)
[    5.196205] ACPI: PCI Interrupt Link [LNKC] (IRQs 5 *9 10 11)
[    5.416624] ACPI: PCI Interrupt Link [LNKD] (IRQs 5 9 10 *11)
[    5.456565] ACPI: Enabled 2 GPEs in block 00 to 07
[    5.648387] vgaarb: setting as boot device: PCI:0000:00:02.0
[    5.652000] vgaarb: device added: PCI:0000:00:02.0,decodes=io+mem,owns=io+mem,locks=none
[    5.940989] vgaarb: loaded
[    6.008034] vgaarb: bridge control possible 0000:00:02.0
[    6.163119] SCSI subsystem initialized
[    6.165033] ACPI: bus type USB registered
[    6.168965] usbcore: registered new interface driver usbfs
[    6.172099] usbcore: registered new interface driver hub
[    6.179974] usbcore: registered new device driver usb
[    6.244260] PCI: Using ACPI for IRQ routing
[    6.324494] NetLabel: Initializing
[    6.412034] NetLabel:  domain hash size = 128
[    6.496022] NetLabel:  protocols = UNLABELED CIPSOv4
[    6.584125] NetLabel:  unlabeled traffic allowed by default
[    6.700269] amd_nb: Cannot enumerate AMD northbridges
[    6.808166] clocksource: Switched to clocksource kvm-clock
[    6.924700] AppArmor: AppArmor Filesystem Enabled
[    7.208540] pnp: PnP ACPI init
[    7.225041] pnp: PnP ACPI: found 3 devices
[    7.747517] clocksource: acpi_pm: mask: 0xffffff max_cycles: 0xffffff, max_idle_ns: 2085701024 ns
[    7.815900] NET: Registered protocol family 2
[    7.859506] TCP established hash table entries: 8192 (order: 4, 65536 bytes)
[    7.915076] TCP bind hash table entries: 8192 (order: 5, 131072 bytes)
[    7.988690] TCP: Hash tables configured (established 8192 bind 8192)
[    8.061878] UDP hash table entries: 512 (order: 2, 16384 bytes)
[    8.126286] UDP-Lite hash table entries: 512 (order: 2, 16384 bytes)
[    8.225666] NET: Registered protocol family 1
[    8.293958] pci 0000:00:00.0: Limiting direct PCI/PCI transfers
[    8.429377] pci 0000:00:01.0: Activating ISA DMA hang workarounds
[    8.545956] Unpacking initramfs...
[   16.426247] Freeing initrd memory: 14880K
[   16.645793] clocksource: tsc: mask: 0xffffffffffffffff max_cycles: 0x170ff2fc09b, max_idle_ns: 440795267654 ns
[   16.763056] platform rtc_cmos: registered platform RTC device (no PNP device found)
[   16.799097] Scanning for low memory corruption every 60 seconds
[   17.049340] audit: initializing netlink subsys (disabled)
[   17.146794] audit: type=2000 audit(1606734259.549:1): initialized
[   17.174474] Initialise system trusted keyring
[   17.525403] HugeTLB registered 2 MB page size, pre-allocated 0 pages
[   17.611993] zbud: loaded
[   17.698334] VFS: Disk quotas dquot_6.6.0
[   17.740681] VFS: Dquot-cache hash table entries: 512 (order 0, 4096 bytes)
[   17.831820] squashfs: version 4.0 (2009/01/31) Phillip Lougher
[   17.934464] fuse init (API version 7.23)
[   17.958072] Key type big_key registered
[   18.089083] Allocating IMA MOK and blacklist keyrings.
[   18.871470] Key type asymmetric registered
[   18.938210] Asymmetric key parser 'x509' registered
[   19.013588] Block layer SCSI generic (bsg) driver version 0.4 loaded (major 249)
[   19.124076] io scheduler noop registered
[   19.208514] io scheduler deadline registered (default)
[   19.327887] io scheduler cfq registered
[   19.412416] pci_hotplug: PCI Hot Plug PCI Core version: 0.5
[   19.911551] pciehp: PCI Express Hot Plug Controller Driver version: 0.4
[   19.913727] ACPI: AC Adapter [AC] (on-line)
[   20.496619] input: Power Button as /devices/LNXSYSTM:00/LNXPWRBN:00/input/input0
[   21.026887] ACPI: Power Button [PWRF]
[   21.111322] input: Sleep Button as /devices/LNXSYSTM:00/LNXSLPBN:00/input/input1
[   21.425802] ACPI: Sleep Button [SLPF]
[   21.648088] GHES: HEST is not enabled!
[   21.887096] Serial: 8250/16550 driver, 32 ports, IRQ sharing enabled
[   22.293391] 00:02: ttyS0 at I/O 0x3f8 (irq = 4, base_baud = 115200) is a 16550A
[   22.914774] Linux agpgart interface v0.103
[   24.173966] loop: module loaded
[   24.273026] scsi host0: ata_piix
[   24.294764] scsi host1: ata_piix
[   24.364239] ata1: PATA max UDMA/33 cmd 0x1f0 ctl 0x3f6 bmdma 0xd000 irq 14
[   24.367668] ata2: PATA max UDMA/33 cmd 0x170 ctl 0x376 bmdma 0xd008 irq 15
[   24.797864] libphy: Fixed MDIO Bus: probed
[   24.826015] tun: Universal TUN/TAP device driver, 1.6
[   25.262981] tun: (C) 1999-2004 Max Krasnyansky <maxk@qualcomm.com>
[   25.904307] hrtimer: interrupt took 11294680 ns
[   26.103030] PPP generic driver version 2.4.2
[   26.220273] ehci_hcd: USB 2.0 'Enhanced' Host Controller (EHCI) Driver
[   26.323431] ehci-pci: EHCI PCI platform driver
[   26.408139] ehci-platform: EHCI generic platform driver
[   26.494387] ohci_hcd: USB 1.1 'Open' Host Controller (OHCI) Driver
[   26.710479] ohci-pci: OHCI PCI platform driver
[   26.824153] ohci-platform: OHCI generic platform driver
[   26.884651] uhci_hcd: USB Universal Host Controller Interface driver
[   26.985949] i8042: PNP: PS/2 Controller [PNP0303:PS2K,PNP0f03:PS2M] at 0x60,0x64 irq 1,12
[   27.241616] serio: i8042 KBD port at 0x60,0x64 irq 1
[   27.293249] serio: i8042 AUX port at 0x60,0x64 irq 12
[   27.337925] mousedev: PS/2 mouse device common for all mice
[   27.435626] rtc_cmos rtc_cmos: rtc core: registered rtc_cmos as rtc0
[   27.520943] rtc_cmos rtc_cmos: alarms up to one day, 114 bytes nvram
[   27.524351] i2c /dev entries driver
[   27.524351] device-mapper: uevent: version 1.0.3
[   27.650990] device-mapper: ioctl: 4.34.0-ioctl (2015-10-28) initialised: dm-devel@redhat.com
[   27.662673] input: AT Translated Set 2 keyboard as /devices/platform/i8042/serio0/input/input2
[   27.829745] ledtrig-cpu: registered to indicate activity on CPUs
[   27.901023] NET: Registered protocol family 10
[   27.996192] NET: Registered protocol family 17
[   28.044773] Key type dns_resolver registered
[   28.112460] registered taskstats version 1
[   28.223248] Loading compiled-in X.509 certificates
[   28.226786] Loaded X.509 cert 'Build time autogenerated kernel key: 12717d7bded22cc9f4c9021cf049cb5c0a2cb7b0'
[   28.428670] zswap: loaded using pool lzo/zbud
[   28.595531] Key type trusted registered
[   28.957290] Key type encrypted registered
[   29.019769] AppArmor: AppArmor sha1 policy hashing enabled
[   29.192739] ima: No TPM chip found, activating TPM-bypass!
[   29.505131] ima: Allocated hash algorithm: sha1
[   29.626571] evm: HMAC attrs: 0x1
[   29.686838]   Magic number: 12:963:75
[   29.833783] rtc_cmos rtc_cmos: setting system clock to 2020-11-30 11:04:12 UTC (1606734252)
[   29.959677] BIOS EDD facility v0.16 2004-Jun-25, 0 devices found
[   30.063742] EDD information not available.
[   31.041366] Freeing unused kernel memory: 1492K
[   31.287420] Write protecting the kernel read-only data: 14336k
[   31.589387] Freeing unused kernel memory: 1588K
[   32.002899] Freeing unused kernel memory: 56K
Loading, please wait...
[   34.623518] random: udevadm: uninitialized urandom read (16 bytes read, 10 bits of entropy available)
starting version[   34.877872] random: udevadm: uninitialized urandom read (16 bytes read, 10 bits of entropy available)
 229
[   35.100485] random: systemd-udevd: uninitialized urandom read (16 bytes read, 10 bits of entropy available)
[   35.100485] random: systemd-udevd: uninitialized urandom read (16 bytes read, 10 bits of entropy available)
[   35.100485] random: systemd-udevd: uninitialized urandom read (16 bytes read, 10 bits of entropy available)
[   35.100485] random: systemd-udevd: uninitialized urandom read (16 bytes read, 10 bits of entropy available)
[   37.368268] random: systemd-udevd: uninitialized urandom read (16 bytes read, 10 bits of entropy available)
[   37.372150] random: udevadm: uninitialized urandom read (16 bytes read, 10 bits of entropy available)
[   37.372150] random: udevadm: uninitialized urandom read (16 bytes read, 10 bits of entropy available)
[   37.372150] random: udevadm: uninitialized urandom read (16 bytes read, 10 bits of entropy available)
[   45.243063] e1000: Intel(R) PRO/1000 Network Driver - version 7.3.21-k8-NAPI
[   45.324260] e1000: Copyright (c) 1999-2006 Intel Corporation.
[   45.405460] Fusion MPT base driver 3.04.20
[   45.453004] Copyright (c) 1999-2008 LSI Corporation
[   46.248228] Fusion MPT SPI Host driver 3.04.20
[   51.705856] input: ImExPS/2 Generic Explorer Mouse as /devices/platform/i8042/serio1/input/input4
[   55.426121] e1000 0000:00:03.0 eth0: (PCI:33MHz:32-bit) 02:e0:65:d0:24:0e
[   55.708662] e1000 0000:00:03.0 eth0: Intel(R) PRO/1000 Network Connection
[   55.796515] mptbase: ioc0: Initiating bringup
[   56.867453] ioc0: LSI53C1030 A0: Capabilities={Initiator}
[   57.921426] scsi host2: ioc0: LSI53C1030 A0, FwRev=00000000h, Ports=1, MaxQ=256, IRQ=20
[   59.769902] scsi 2:0:0:0: Direct-Access     VBOX     HARDDISK         1.0  PQ: 0 ANSI: 5
[   59.919716] scsi target2:0:0: Beginning Domain Validation
[   64.040511] scsi target2:0:0: Domain Validation skipping write tests
[   64.319535] scsi target2:0:0: Ending Domain Validation
[   64.604539] scsi target2:0:0: asynchronous
[   65.040064] scsi 2:0:1:0: Direct-Access     VBOX     HARDDISK         1.0  PQ: 0 ANSI: 5
[   65.411105] scsi target2:0:1: Beginning Domain Validation
[   66.320493] scsi target2:0:1: Domain Validation skipping write tests
[   66.555986] scsi target2:0:1: Ending Domain Validation
[   66.653339] scsi target2:0:1: asynchronous
[   67.285347] sd 2:0:0:0: Attached scsi generic sg0 type 0
[   67.412035] sd 2:0:0:0: [sda] 20971520 512-byte logical blocks: (10.7 GB/10.0 GiB)
[   67.455520] sd 2:0:1:0: Attached scsi generic sg1 type 0
[   67.677131] sd 2:0:0:0: [sda] Write Protect is off
[   68.038705] sd 2:0:0:0: [sda] Incomplete mode parameter data
[   68.098440] sd 2:0:1:0: [sdb] 20480 512-byte logical blocks: (10.5 MB/10.0 MiB)
[   68.164243] sd 2:0:0:0: [sda] Assuming drive cache: write through
[   68.274045] sd 2:0:1:0: [sdb] Write Protect is off
[   68.515917] sd 2:0:1:0: [sdb] Incomplete mode parameter data
[   68.666449] sd 2:0:1:0: [sdb] Assuming drive cache: write through
[   69.130689]  sda: sda1
[   69.314570] sd 2:0:0:0: [sda] Attached SCSI disk
[   70.370583] sd 2:0:1:0: [sdb] Attached SCSI disk
[   71.864058] random: nonblocking pool is initialized
[   73.173932] e1000 0000:00:08.0 eth1: (PCI:33MHz:32-bit) 08:00:27:12:03:5b
[   73.319364] e1000 0000:00:08.0 eth1: Intel(R) PRO/1000 Network Connection
[   73.402153] e1000 0000:00:03.0 enp0s3: renamed from eth0
[   73.490572] e1000 0000:00:08.0 enp0s8: renamed from eth1
Begin: Loading essential drivers ... [   90.397302] md: linear personality registered for level -1
[   90.750018] md: multipath personality registered for level -4
[   91.186395] md: raid0 personality registered for level 0
[   92.081382] md: raid1 personality registered for level 1
[   92.882341] raid6: sse2x1   gen()   118 MB/s
[   93.049775] raid6: sse2x1   xor()   152 MB/s
[   93.150050] raid6: sse2x2   gen()    48 MB/s
[   93.319645] raid6: sse2x2   xor()  1126 MB/s
[   93.656353] raid6: sse2x4   gen()   196 MB/s
[   93.810241] raid6: sse2x4   xor()   111 MB/s
[   93.836636] raid6: using algorithm sse2x4 gen() 196 MB/s
[   93.943421] raid6: .... xor() 111 MB/s, rmw enabled
[   93.946236] raid6: using ssse3x2 recovery algorithm
[   94.310863] xor: measuring software checksum speed
[   94.464666]    prefetch64-sse:  3890.000 MB/sec
[   94.739674]    generic_sse: 18033.000 MB/sec
[   94.801437] xor: using function: generic_sse (18033.000 MB/sec)
[   95.015329] async_tx: api initialized (async)
[   97.101249] md: raid6 personality registered for level 6
[   97.161592] md: raid5 personality registered for level 5
[   97.264661] md: raid4 personality registered for level 4
[   97.992402] md: raid10 personality registered for level 10
done.
Begin: Running /scripts/init-premount ... done.
Begin: Mounting root file system ... Begin: Running /scripts/local-top ... done.
Begin: Running /scripts/local-premount ... [  101.076329] Btrfs loaded
Scanning for Btrfs filesystems
done.
Warning: fsck not present, so skipping root file system
[  104.241169] EXT4-fs (sda1): mounted filesystem with ordered data mode. Opts: (null)
done.
Begin: Running /scripts/local-bottom ... done.
Begin: Running /scripts/init-bottom ... done.
[  111.176298] systemd[1]: systemd 229 running in system mode. (+PAM +AUDIT +SELINUX +IMA +APPARMOR +SMACK +SYSVINIT +UTMP +LIBCRYPTSETUP +GCRYPT +GNUTLS +ACL +XZ -LZ4 +SECCOMP +BLKID +ELFUTILS +KMOD -IDN)
[  111.891799] systemd[1]: Detected virtualization oracle.
[  112.019635] systemd[1]: Detected architecture x86-64.

Welcome to [1mUbuntu 16.04.7 LTS[0m!

[  113.029518] systemd[1]: Set hostname to <ubuntu>.
[  113.378545] systemd[1]: Initializing machine ID from random generator.
[  113.447450] systemd[1]: Installed transient /etc/machine-id file.
[  119.166413] systemd[1]: Listening on Journal Socket (/dev/log).
[[0;32m  OK  [0m] Listening on Journal Socket (/dev/log).
[  119.341619] systemd[1]: Listening on udev Control Socket.
[[0;32m  OK  [0m] Listening on udev Control Socket.
[  119.797526] systemd[1]: Reached target System Time Synchronized.
[[0;32m  OK  [0m] Reached target System Time Synchronized.
[  120.232140] systemd[1]: Listening on LVM2 poll daemon socket.
[[0;32m  OK  [0m] Listening on LVM2 poll daemon socket.
[  120.600222] systemd[1]: Listening on Device-mapper event daemon FIFOs.
[[0;32m  OK  [0m] Listening on Device-mapper event daemon FIFOs.
[  120.782482] systemd[1]: Created slice System Slice.
[[0;32m  OK  [0m] Created slice System Slice.
[  121.013842] systemd[1]: Created slice system-serial\x2dgetty.slice.
[[0;32m  OK  [0m] Created slice system-serial\x2dgetty.slice.
[  121.305074] systemd[1]: Set up automount Arbitrary Executable File Formats File System Automount Point.
[[0;32m  OK  [0m] Set up automount Arbitrary Executab...ats File System Automount Point.
[  121.488958] systemd[1]: Reached target Swap.
[[0;32m  OK  [0m] Reached target Swap.
[  121.591789] systemd[1]: Listening on Syslog Socket.
[[0;32m  OK  [0m] Listening on Syslog Socket.
[  121.788322] systemd[1]: Listening on Journal Socket.
[[0;32m  OK  [0m] Listening on Journal Socket.
[  122.079458] systemd[1]: Starting Uncomplicated firewall...
         Starting Uncomplicated firewall...
[  122.265983] systemd[1]: Starting Set console keymap...
         Starting Set console keymap...
[  122.984599] systemd[1]: Starting Nameserver information manager...
         Starting Nameserver information manager...
[  123.362854] systemd[1]: Starting Remount Root and Kernel File Systems...
         Starting Remount Root and Kernel File Systems...
[  123.873184] systemd[1]: Mounting POSIX Message Queue File System...
         Mounting POSIX Message Queue File System...
[  124.096257] EXT4-fs (sda1): re-mounted. Opts: (null)
[  124.345864] systemd[1]: Starting Load Kernel Modules...
         Starting Load Kernel Modules...
[  124.610106] systemd[1]: Starting Create list of required static device nodes for the current kernel...
         Starting Create list of required st... nodes for the current kernel...
[  124.930930] systemd[1]: Mounting Debug File System...
         Mounting Debug File System...
[  125.195215] systemd[1]: Listening on LVM2 metadata daemon socket.
[[0;32m  OK  [0m] Listening on LVM2 metadata daemon socket.
[  125.392944] Loading iSCSI transport class v2.0-870.
[  125.528539] systemd[1]: Starting Monitoring of LVM2 mirrors, snapshots etc. using dmeventd or progress polling...
         Starting Monitoring of LVM2 mirrors... dmeventd or progress polling...
[  125.790394] systemd[1]: Reached target User and Group Name Lookups.
[[0;32m  OK  [0m] Reached target User and Group Name Lookups.
[  125.994728] systemd[1]: Listening on udev Kernel Socket.
[[0;32m  OK  [0m] Listening on udev Kernel Socket.
[  126.118476] systemd[1]: Listening on /dev/initctl Compatibility Named Pipe.
[[0;32m  OK  [0m] [  126.429347] iscsi: registered transport (tcp)
Listening on /dev/initctl Compatibility Named Pipe.
[  126.661587] systemd[1]: Mounting Huge Pages File System...
         Mounting Huge Pages File System...
[  126.861232] systemd[1]: Reached target Encrypted Volumes.
[[0;32m  OK  [0m] Reached target Encrypted Volumes.
[  126.996136] systemd[1]: Started Forward Password Requests to Wall Directory Watch.
[[0;32m  OK  [0m] Started Forward Password Requests to Wall Directory Watch.
[  127.108056] systemd[1]: Listening on Journal Audit Socket.
[[0;32m  OK  [0m] Listening on Journal Audit Socket.
[  127.432238] systemd[1]: Starting Journal Service...
         Starting Journal Service...
[  127.623096] systemd[1]: Created slice User and Session Slice.
[[0;32m  OK  [0m] Created slice User and Session Slice.
[  127.724970] systemd[1]: Reached target Slices.
[[0;32m  OK  [0m] Reached target Slices.
[  127.868981] systemd[1]: Started Trigger resolvconf update for networkd DNS.
[[0;32m  OK  [0m] Started Trigger resolvconf update for networkd DNS.
[  128.048022] systemd[1]: Mounted Huge Pages File System.
[[0;32m  OK  [0m] Mounted Huge Pages File System.
[  128.430375] systemd[1]: Mounted Debug File System.
[[0;32m  OK  [0m] Mounted Debug File System.
[  128.692241] systemd[1]: Mounted POSIX Message Queue File System.
[[0;32m  OK  [0m] Mounted POSIX Message Queue File System.
[  128.993482] systemd[1]: Started Uncomplicated firewall.
[[0;32m  OK  [0m] Started Uncomplicated firewall.
[  130.398634] systemd[1]: Started Set console keymap.
[[0;32m  OK  [0m] Started Set console keymap.
[  131.265456] systemd[1]: Started Remount Root and Kernel File Systems.
[[0;32m  OK  [0m] Started Remount Root and Kernel File Systems.
[  132.064160] systemd[1]: Started Create list of required static device nodes for the current kernel.
[[0;32m  OK  [0m] Started Create list of required sta...ce nodes for the current kernel.
[  132.788636] systemd[1]: Started Nameserver information manager.
[[0;32m  OK  [0m] Started Nameserver information manager.
[  133.196027] systemd[1]: Started Journal Service.
[[0;32m  OK  [0m] Started Journal Service.
[[0;32m  OK  [0m] Started LVM2 metadata daemon.
         Starting Create Static Device Nodes in /dev...
         Starting Load/Save Random Seed...
         Starting udev Coldplug all Devices...
         Starting Flush Journal to Persistent Storage...
[[0;32m  OK  [0m] Started Load/Save Random Seed.
[[0;32m  OK  [[  136.339240] iscsi: registered transport (iser)
0m] Started Monitoring of LVM2 mirrors,...ng dmeventd or progress polling.
[[0;32m  OK  [0m] Started Load Kernel Modules.
         Mounting FUSE Control File System...
         Starting Apply Kernel Variables...
[[0;32m  OK  [0m] Mounted FUSE Control File System.
[[0;32m  OK  [0m] Started Create Static Device Nodes in /dev.
[  137.240076] systemd-journald[402]: Received request to flush runtime journal from PID 1
[[0;32m  OK  [0m] Reached target Local File Systems (Pre).
[[0;32m  OK  [0m] Reached target Local File Systems.
         Starting Set console font and keymap...
         Starting Initial cloud-init job (pre-networking)...
         Starting LSB: AppArmor initialization...
         Starting Tell Plymouth To Write Out Runtime Data...
         Starting Commit a transient machine-id on disk...
         Starting udev Kernel Device Manager...
[[0;32m  OK  [0m] Started Flush Journal to Persistent Storage.
[[0;32m  OK  [0m] Started Apply Kernel Variables.
[[0;32m  OK  [0m] Started Tell Plymouth To Write Out Runtime Data.
[[0;32m  OK  [0m] Started Commit a transient machine-id on disk.
[[0;32m  OK  [0m] Started udev Coldplug all Devices.
[[0;32m  OK  [0m] Started udev Kernel Device Manager.
[[0;32m  OK  [0m] Started Dispatch Password Requests to Console Directory Watch.
         Starting Create Volatile Files and Directories...
[[0;32m  OK  [0m] Started Create Volatile Files and Directories.
         Starting Update UTMP about System Boot/Shutdown...
[[0;32m  OK  [0m] Started Update UTMP about System Boot/Shutdown.
[[0;32m  OK  [0m] Found device /dev/ttyS0.
[[0;32m  OK  [0m] Started Set console font and keymap.
[[0;32m  OK  [0m] Created slice system-getty.slice.
[[0;32m  OK  [0m] Listening on Load/Save RF Kill Switch Status /dev/rfkill Watch.
[[0;32m  OK  [0m] Started LSB: AppArmor initialization.
         Starting Load AppArmor profiles managed internally by snapd...
[[0;32m  OK  [0m] Started Load AppArmor profiles managed internally by snapd.
[  218.100932] cloud-init[461]: Cloud-init v. 20.3-2-g371b392c-0ubuntu1~16.04.1 running 'init-local' at Mon, 30 Nov 2020 11:07:10 +0000. Up 208.43 seconds.
[[0;32m  OK  [0m] Started Initial cloud-init job (pre-networking).
[[0;32m  OK  [0m] Reached target Network (Pre).
         Starting Raise network interfaces...
[[0;1;31m*[0m[0;31m*    [0m] A start job is running for Raise ne...interfaces (1min 45s / 6min 40s)[K[[0m[0;31m*     [0m] A start job is running for Raise ne...interfaces (1min 46s / 6min 40s)[K[[0;1;31m*[0m[0;31m*    [0m] A start job is running for Raise ne...interfaces (1min 46s / 6min 40s)[K[[0;31m*[0;1;31m*[0m[0;31m*   [0m] A start job is running for Raise ne...interfaces (1min 47s / 6min 40s)[K[ [0;31m*[0;1;31m*[0m[0;31m*  [0m] A start job is running for Raise ne...interfaces (1min 47s / 6min 40s)[K[  [0;31m*[0;1;31m*[0m[0;31m* [0m] A start job is running for Raise ne...interfaces (1min 48s / 6min 40s)[K[   [0;31m*[0;1;31m*[0m[0;31m*[0m] A start job is running for Raise ne...interfaces (1min 48s / 6min 40s)[K[    [0;31m*[0;1;31m*[0m] A start job is running for Raise ne...interfaces (1min 49s / 6min 40s)[K[     [0;31m*[0m] A start job is running for Raise ne...interfaces (1min 50s / 6min 40s)[K[    [0;31m*[0;1;31m*[0m] A start job is running for Raise ne...interfaces (1min 50s / 6min 40s)[K[   [0;31m*[0;1;31m*[0m[0;31m*[0m] A start job is running for Raise ne...interfaces (1min 51s / 6min 40s)[K[[0;32m  OK  [0m] Started Raise network interfaces.
[[0;32m  OK  [0m] Reached target Network.
         Starting Initial cloud-init job (metadata service crawler)...
[  254.049652] cloud-init[965]: Cloud-init v. 20.3-2-g371b392c-0ubuntu1~16.04.1 running 'init' at Mon, 30 Nov 2020 11:07:39 +0000. Up 236.54 seconds.
[  254.100663] cloud-init[965]: ci-info: ++++++++++++++++++++++++++++++++++++++Net device info+++++++++++++++++++++++++++++++++++++++
[  254.225236] cloud-init[965]: ci-info: +--------+-------+----------------------------+---------------+--------+-------------------+
[  254.307922] cloud-init[965]: ci-info: | Device |   Up  |          Address           |      Mask     | Scope  |     Hw-Address    |
[  254.375213] cloud-init[965]: ci-info: +--------+-------+----------------------------+---------------+--------+-------------------+
[  254.444439] cloud-init[965]: ci-info: | enp0s3 |  True |         10.0.2.15          | 255.255.255.0 | global | 02:e0:65:d0:24:0e |
[  254.619905] cloud-init[965]: ci-info: | enp0s3 |  True | fe80::e0:65ff:fed0:240e/64 |       .       |  link  | 02:e0:65:d0:24:0e |
[  254.744421] cloud-init[965]: ci-info: | enp0s8 | False |             .              |       .       |   .    | 08:00:27:12:03:5b |
[  254.893601] cloud-init[965]: ci-info: |   lo   |  True |         127.0.0.1          |   255.0.0.0   |  host  |         .         |[[0;32m  OK  [0m] Started Initial cloud-init job (metadata service crawler).
[[0;32m  OK  [0m] Reached target Network is Online.

[  255.240292] cloud-init[965]: ci-info: |   lo   |  True |          ::1/128           |       .       |  host  |         .         |
         Starting iSCSI initiator daemon (iscsid)...
[[0;32m  OK  [0m] Reached target Cloud-config availability.
[[0;32m  OK  [0m] Reached target System Initialization.
[[0;32m  OK  [0m] Listening on D-Bus System Message Bus Socket.
[  255.407407] cloud-init[965]: ci-info: +--------+-------+----------------------------+---------------+--------+-------------------+
[  255.552048] cloud-init[965]: ci-info: +++++++++++++++++++++++++++Route IPv4 info++++++++++++++++++++++++++++
[  255.554805] cloud-init[965]: ci-info: +-------+-------------+----------+---------------+-----------+-------+
[[  255.555945] cloud-init[0;32m  OK  [0m] Listening on UUID daemon activation socket.
[[0;32m  OK  [0m] Started Daily apt download activities.
[[0;32m  OK  [0m] Started Message of the Day.
[[0;32m  OK  [0m] Started Daily apt upgrade and clean activities.
[965]: ci-info: | Route | Destination | Gateway  |    Genmask    | Interface | Flags |
[  255.824130] cloud-init[965]: ci-info: +-------+-------------+----------+---------------+-----------+-------+
[  255.988464] cloud-init[965]: ci-info: |   0   |   0.0.0.0   | 10.0.2.2 |    0.0.0.0    |   enp0s3  |   UG  |
[  256.202135] cloud-init[965]: ci-info: |   1   |   10.0.2.0  | 0.0.0.0  | 255.255.255.0 |   enp0s3  |   U   |
[  256.336163] cloud-init[965]: ci-info: +-------+-------------+----------+---------------+-----------+-------+
[  256.432988] cloud-init[965]: ci-info: +++++++++++++++++++Route IPv6 info+++++++++++++++++++
[  256.526421] cloud-init[965]: ci-info: +-------+-------------+---------+-----------+-------+
[  256.721430] cloud-init[965]: ci-info: | Route | Destination | Gateway | Interface | Flags |
[  256.888944] cloud-init[965]: ci-info: +-------+-------------+---------+-----------+-------+
[  256.891480] cloud-init[965]: ci-info: |   0   |  fe80::/64  |    ::   |   enp0s3  |   U   |
[  256.989676] cloud-init[965]: ci-info: |   4   |   ff00::/8  |    ::   |   enp0s3  |   U   |
[  256.990016] cloud-init[965]: ci-info: +-------+-------------+---------+-----------+-------+
[  256.990595] cloud-init[965]: Generating public/private rsa key pair.
[  256.990907] cloud-init[965]: Your identification has been saved in /etc/ssh/ssh_host_rsa_key.
[  256.991569] cloud-init[965]: Your public key has been saved in /etc/ssh/ssh_host_rsa_key.pub.
[  256.991920] cloud-init[965]: The key fingerprint is:
[  256.992733] cloud-init[965]: SHA256:JZWzIHOMaqd1ddyiHRvpifcBzqPsxq1R1AYL76eKMSg root@ubuntu-xenial
[  256.993575] cloud-init[965]: The key's randomart image is:
[  256.994943] cloud-init[965]: +---[RSA 2048]----+
[  256.999276] cloud-init[965]: |       o  oo.o   |
[  256.999673] cloud-init[965]: |      + +.+oO+.  |
[  256.999967] cloud-init[965]: |     . +.o.@+Bo  |
[  257.000715] cloud-init[965]: |    o o .o+oX..  |
[  257.001033] cloud-init[965]: |   . + .S. ooo.. |
[  257.001251] cloud-init[965]: |    .  .  o. o.  |
[  257.002028] cloud-init[965]: |    E . oo...    |
[  257.003721] cloud-init[965]: |     .   ++o.    |
[  257.004145] cloud-init[965]: |        ..o.     |
[  257.008076] cloud-init[965]: +----[SHA256]-----+
[  257.010601] cloud-init[965]: Generating public/private dsa key pair.
[  257.010977] cloud-init[965]: Your identification has been saved in /etc/ssh/ssh_host_dsa_key.
[  257.011229] cloud-init[965]: Your public key has been saved in /etc/ssh/ssh_host_dsa_key.pub.
[  257.011624] cloud-init[965]: The key fingerprint is:
[  257.014376] cloud-init[965]: SHA256:p+dA4LCqJuze8faD9KFlr4JkWblPSTFM3tCAyPTtPV0 root@ubuntu-xenial
[  257.014733] cloud-init[965]: The key's randomart image is:
[  257.014966] cloud-init[965]: +---[DSA 1024]----+
[  257.015400] cloud-init[965]: |  o.. ++o        |
[  257.015702] cloud-init[965]: |   o..o+o.       |
[  257.016076] cloud-init[965]: |    ..ooo.   E   |
[  257.016535] cloud-init[965]: |     *.o. . .    |
[  257.017034] cloud-init[965]: |    + +.So..     |
[  257.017317] cloud-init[965]: |   = o B o.      |
[  257.017802] cloud-init[965]: |. +.o O = .      |
[  257.018723] cloud-init[965]: |.+..o= + =       |
[  257.020183] cloud-init[965]: |*o ...ooo .      |
[  257.020927] cloud-init[965]: +----[SHA256]-----+
[  257.021298] cloud-init[965]: Generating public/private ecdsa key pair.
[  257.021772] cloud-init[965]: Your identification has been saved in /etc/ssh/ssh_host_ecdsa_key.
[  257.022030] cloud-init[965]: Your public key has been saved in /etc/ssh/ssh_host_ecdsa_key.pub.
[  257.022243] cloud-init[965]: The key fingerprint is:
[  257.066370] cloud-init[965]: SHA256:XOwRuwDHeKT+pX38hCN4FnhERGk1UvDdE6eXTvC6Cic root@ubuntu-xenial
[  257.094625] cloud-init[965]: The key's randomart image is:
[  257.105104] cloud-init[965]: +---[ECDSA 256]---+
[  257.138268] cloud-init[965]: |      .+ooB=+. ..|
[  257.138887] cloud-init[965]: |      .+ooo= ooo+|
[  257.139168] cloud-init[965]: |      ....* . o=o|
[  257.139388] cloud-init[965]: |     . . * o  +..|
[  257.139808] cloud-init[965]: |      . S *  . . |
[  257.140056] cloud-init[965]: |       . * o ..  |
[  257.140278] cloud-init[965]: |        +E=.=..  |
[  257.140648] cloud-init[965]: |         o+o.+   |
[  257.140895] cloud-init[965]: |           .  .  |
[  257.141799] cloud-init[965]: +----[SHA256]-----+
[  257.142214] cloud-init[965]: Generating public/private ed25519 key pair.
[  257.173419] cloud-init[965]: Your identification has been saved in /etc/ssh/ssh_host_ed25519_key.
[  257.184587] cloud-init[965]: Your public key has been saved in /etc/ssh/ssh_host_ed25519_key.pub.
[  257.186005] cloud-init[965]: The key fingerprint is:
[  257.286682] cloud-init[965]: SHA256:uFCii50bOhkjP4JnARN5ByM4GXo/hwssZHJdSM4EuHs root@ubuntu-xenial
[  257.287007] cloud-init[965]: The key's randomart image is:
[  257.287246] cloud-init[965]: +--[ED25519 256]--+
[  257.287809] cloud-init[965]: |+=++o..          |
[  257.288210] cloud-init[965]: |O..*o.           |
[  257.290312] cloud-init[965]: |oBo.= .          |
[  257.290867] cloud-init[965]: |B+ o + .         |
[  257.291141] cloud-init[965]: |.++ = o S        |
[  257.291503] cloud-init[965]: |=+E+ = .         |
[  257.291799] cloud-init[965]: |+*=.. .          |
[  257.293046] cloud-init[965]: |=.=o             |
[  257.310697] cloud-init[965]: |.=..             |
[  258.639585] cloud-init[965]: +----[SHA256]-----+
         Starting LXD - unix socket.
[[0;32m  OK  [0m] Started ACPI Events Check.
[[0;32m  OK  [0m] Reached target Paths.
[[0;32m  OK  [0m] Started Daily Cleanup of Temporary Directories.
         Starting Socket activation for snappy daemon.
[[0;32m  OK  [0m] Listening on ACPID Listen Socket.
[[0;32m  OK  [0m] Reached target Timers.
[[0;32m  OK  [0m] Listening on LXD - unix socket.
[[0;32m  OK  [0m] Listening on Socket activation for snappy daemon.
[[0;32m  OK  [0m] Started iSCSI initiator daemon (iscsid).
         Starting Login to default iSCSI targets...
[[0;32m  OK  [0m] Reached target Sockets.
[[0;32m  OK  [0m] Reached target Basic System.
[[0;32m  OK  [0m] Started ACPI event daemon.
         Starting LSB: MD monitoring daemon...
         Starting System Logging Service...
[[0;32m  OK  [0m] Started FUSE filesystem for LXC.
         Starting Pollinate to seed the pseudo random number generator...
[[0;32m  OK  [0m] Started Regular background program processing daemon.
[[0;32m  OK  [0m] Started D-Bus System Message Bus.
         Starting Virtualbox guest utils...
         Starting /etc/rc.local Compatibility...
         Starting Login Service...
         Starting Accounts Service...
[[0;32m  OK  [0m] Started Deferred execution scheduler.
         Starting LSB: Record successful boot for GRUB...
         Starting Snap Daemon...
         Starting LXD - container startup/shutdown...
[[0;32m  OK  [0m] Started System Logging Service.
[[0;32m  OK  [0m] Started /etc/rc.local Compatibility.
[[0;32m  OK  [0m] Started Login Service.
[[0;32m  OK  [0m] Started Unattended Upgrades Shutdown.
[[0;32m  OK  [0m] Started LSB: Record successful boot for GRUB.
[[0;32m  OK  [0m] Started Login to default iSCSI targets.
[[0;32m  OK  [0m] Reached target Remote File Systems (Pre).
[[0;32m  OK  [0m] Reached target Remote File Systems.
         Starting LSB: Set the CPU Frequency Scaling governor to "ondemand"...
         Starting LSB: daemon to balance interrupts for SMP systems...
         Starting Permit User Sessions...
         Starting LSB: automatic crash report generation...
[[0;32m  OK  [0m] Started LSB: MD monitoring daemon.
[[0;32m  OK  [0m] Started Permit User Sessions.
         Starting Hold until boot process finishes up...
         Starting Terminate Plymouth Boot Screen...
         Starting Authenticate and Authorize Users to Run Privileged Tasks...
[[0;32m  OK  [0m] Started Hold until boot process finishes up.
[[0;32m  OK  [0m] Started Terminate Plymouth Boot Screen.
         Starting Set console scheme...
[[0;32m  OK  [0m] Started Serial Getty on ttyS0.
[[0;32m  OK  [0m] Started Getty on tty1.
[[0;32m  OK  [0m] Reached target Login Prompts.
[[0;32m  OK  [0m] Started LSB: Set the CPU Frequency Scaling governor to "ondemand".
[[0;32m  OK  [0m] Started Set console scheme.
[[0;32m  OK  [0m] Started Authenticate and Authorize Users to Run Privileged Tasks.
[[0;32m  OK  [0m] Started LSB: daemon to balance interrupts for SMP systems.
[[0;32m  OK  [0m] Started Accounts Service.
[[0;32m  OK  [0m] Started LSB: automatic crash report generation.
[[0;32m  OK  [0m] Started Pollinate to seed the pseudo random number generator.
[[0;32m  OK  [0m] Started Virtualbox guest utils.

Ubuntu 16.04.7 LTS ubuntu-xenial ttyS0

ubuntu-xenial login: [  349.833796] cloud-init[1350]: Generating locales (this might take a while)...
[  375.357463] cloud-init[1350]:   en_US.UTF-8... done
[  375.532305] cloud-init[1350]: Generation complete.
[  388.426924] cloud-init[1350]: Cloud-init v. 20.3-2-g371b392c-0ubuntu1~16.04.1 running 'modules:config' at Mon, 30 Nov 2020 11:09:28 +0000. Up 346.10 seconds.
ci-info: no authorized SSH keys fingerprints found for user ubuntu.
<14>Nov 30 11:10:25 ec2: 
<14>Nov 30 11:10:25 ec2: #############################################################
<14>Nov 30 11:10:25 ec2: -----BEGIN SSH HOST KEY FINGERPRINTS-----
<14>Nov 30 11:10:25 ec2: 1024 SHA256:p+dA4LCqJuze8faD9KFlr4JkWblPSTFM3tCAyPTtPV0 root@ubuntu-xenial (DSA)
<14>Nov 30 11:10:25 ec2: 256 SHA256:XOwRuwDHeKT+pX38hCN4FnhERGk1UvDdE6eXTvC6Cic root@ubuntu-xenial (ECDSA)
<14>Nov 30 11:10:25 ec2: 256 SHA256:uFCii50bOhkjP4JnARN5ByM4GXo/hwssZHJdSM4EuHs root@ubuntu-xenial (ED25519)
<14>Nov 30 11:10:25 ec2: 2048 SHA256:JZWzIHOMaqd1ddyiHRvpifcBzqPsxq1R1AYL76eKMSg root@ubuntu-xenial (RSA)
<14>Nov 30 11:10:25 ec2: -----END SSH HOST KEY FINGERPRINTS-----
<14>Nov 30 11:10:25 ec2: #############################################################
-----BEGIN SSH HOST KEY KEYS-----
ecdsa-sha2-nistp256 AAAAE2VjZHNhLXNoYTItbmlzdHAyNTYAAAAIbmlzdHAyNTYAAABBBEf+nybPdJLpgOsKX99a/VxW/6Vr9VcLDdRRzKGlPI9QxLndk8nrKkJVZkzQ5G3kTZjPE7aQSzCrEz2EbuW9ZtQ= root@ubuntu-xenial
ssh-ed25519 AAAAC3NzaC1lZDI1NTE5AAAAIBGrYpiyw3STUSeFZxaJeWXbbGz4TJ2TTjY7LBFLkOJ8 root@ubuntu-xenial
ssh-rsa AAAAB3NzaC1yc2EAAAADAQABAAABAQCk23N8Xmp18vTRD70HOK7rAFbHSsD7v0gSDslfcFRkaWk1pHS5mVvGz0lvDvAV8lprEETssgM/sgYWvRjMvJPFGhlQhX36XKn9j+c9k3kIjzrPLQpo5YtrX1umZqOd4OiSyhiB8HH8lI42Ur0ShfY3jmF6JqLOwd+/uKVSSfJNvIz146TeQStimFBgFDk4G8DsxMcV3phmVLA/ff8eVf6ZZL5Na3IJTIWZR/eafRSQiNu8IixRvbTW6MiXUh/bb8SP7cfADK7yqs9l0b87yfsf2ZUP9iDJWv4L+gTBBApJGY7XNvgfy9uLdwsZgiocOGDW4E62tmwFr2Iawb1Pgqer root@ubuntu-xenial
-----END SSH HOST KEY KEYS-----
[  404.005219] cloud-init[1396]: Cloud-init v. 20.3-2-g371b392c-0ubuntu1~16.04.1 running 'modules:final' at Mon, 30 Nov 2020 11:10:20 +0000. Up 398.28 seconds.
[  404.007697] cloud-init[1396]: ci-info: no authorized SSH keys fingerprints found for user ubuntu.
[  404.009975] cloud-init[1396]: Cloud-init v. 20.3-2-g371b392c-0ubuntu1~16.04.1 finished at Mon, 30 Nov 2020 11:10:26 +0000. Datasource DataSourceNoCloud [seed=/dev/sdb][dsmode=net].  Up 403.61 seconds
